{"rack.version"=>[1, 3], "rack.errors"=>#<IO:<STDERR>>, "rack.multithread"=>true, "rack.multiprocess"=>false, "rack.run_once"=>false, "SCRIPT_NAME"=>"", "QUERY_STRING"=>"", "SERVER_PROTOCOL"=>"HTTP/1.1", "SERVER_SOFTWARE"=>"puma 4.3.0 Mysterious Traveller", "GATEWAY_INTERFACE"=>"CGI/1.2", "REQUEST_METHOD"=>"POST", "REQUEST_PATH"=>"/", "REQUEST_URI"=>"/", "HTTP_VERSION"=>"HTTP/1.1", "CONTENT_TYPE"=>"application/x-www-form-urlencoded", "HTTP_USER_AGENT"=>"HTTPClient/1.0 (2.8.3, ruby 2.4.4 (2018-03-28))", "HTTP_ACCEPT"=>"*/*", "HTTP_DATE"=>"Fri, 06 Dec 2019 04:45:54 GMT", "CONTENT_LENGTH"=>"116", "HTTP_HOST"=>"127.0.0.1:4000", "puma.request_body_wait"=>0, "SERVER_NAME"=>"127.0.0.1", "SERVER_PORT"=>"4000", "PATH_INFO"=>"/", "REMOTE_ADDR"=>"127.0.0.1", "puma.socket"=>#<TCPSocket:fd 15>, "rack.hijack?"=>true, "rack.hijack"=>#<Puma::Client:0x3fc73e971590 @ready=true>, "rack.input"=>#<StringIO:0x00007f8e7d2e2440>, "rack.url_scheme"=>"http", "rack.after_reply"=>[], "puma.config"=>#<Puma::Configuration:0x00007f8e7c19da68 @options=#<Puma::UserFileDefaultOptions:0x00007f8e7c19d810 @user_options={:binds=>["tcp://127.0.0.1:4000"], :environment=>"development"}, @file_options={:config_files=>["config/config.rb"], :app=>#<Proc:0x00007f8e7d2d9688@config/config.rb:7>}, @default_options={:min_threads=>0, :max_threads=>16, :log_requests=>false, :debug=>false, :binds=>["tcp://0.0.0.0:9292"], :workers=>0, :daemon=>false, :mode=>:http, :worker_timeout=>60, :worker_boot_timeout=>60, :worker_shutdown_timeout=>30, :remote_address=>:socket, :tag=>"tbc", :environment=>"development", :rackup=>"config.ru", :logger=>#<IO:<STDOUT>>, :persistent_timeout=>20, :first_data_timeout=>30, :raise_exception_on_sigterm=>true}>, @plugins=#<Puma::PluginLoader:0x00007f8e7c19d7c0 @instances=[]>, @user_dsl=#<Puma::DSL:0x00007f8e7c19d770 @config=#<Puma::Configuration:0x00007f8e7c19da68 ...>, @options={:binds=>["tcp://127.0.0.1:4000"], :environment=>"development"}, @plugins=[]>, @file_dsl=#<Puma::DSL:0x00007f8e7c19d720 @config=#<Puma::Configuration:0x00007f8e7c19da68 ...>, @options={:config_files=>["config/config.rb"], :app=>#<Proc:0x00007f8e7d2d9688@config/config.rb:7>}, @plugins=[], @path="config/config.rb">, @default_dsl=#<Puma::DSL:0x00007f8e7c19d6d0 @config=#<Puma::Configuration:0x00007f8e7c19da68 ...>, @options={:min_threads=>0, :max_threads=>16, :log_requests=>false, :debug=>false, :binds=>["tcp://0.0.0.0:9292"], :workers=>0, :daemon=>false, :mode=>:http, :worker_timeout=>60, :worker_boot_timeout=>60, :worker_shutdown_timeout=>30, :remote_address=>:socket, :tag=>"tbc", :environment=>"development", :rackup=>"config.ru", :logger=>#<IO:<STDOUT>>, :persistent_timeout=>20, :first_data_timeout=>30, :raise_exception_on_sigterm=>true}, @plugins=[]>>}
